\BOOKMARK [0][-]{chapter*.2}{\376\377\000L\036\334\000I\000\040\000C\036\242\000M\000\040\001\240\000N}{}% 1
\BOOKMARK [0][-]{chapter*.3}{\376\377\000L\036\334\000I\000\040\000M\036\336\000\040\001\020\036\246\000U}{}% 2
\BOOKMARK [0][-]{chapter.1}{\376\377\000G\000i\036\333\000i\000\040\000t\000h\000i\036\307\000u\000\040\000b\000\340\000i\000\040\000t\000o\000\341\000n}{}% 3
\BOOKMARK [1][-]{section.1.1}{\376\377\000B\036\321\000i\000\040\000c\036\243\000n\000h\000\040\000b\000\340\000i\000\040\000t\000o\000\341\000n}{chapter.1}% 4
\BOOKMARK [1][-]{section.1.2}{\376\377\000M\036\345\000c\000\040\000t\000i\000\352\000u\000\040\000s\036\243\000n\000\040\000p\000h\036\251\000m}{chapter.1}% 5
\BOOKMARK [0][-]{chapter.2}{\376\377\000M\000\364\000\040\000h\000\354\000n\000h\000\040\000S\000V\000M}{}% 6
\BOOKMARK [1][-]{section.2.1}{\376\377\000K\000h\000\341\000i\000\040\000n\000i\036\307\000m}{chapter.2}% 7
\BOOKMARK [1][-]{section.2.2}{\376\377\000S\000i\000\352\000u\000\040\000p\000h\036\263\000n\000g\000\040\000p\000h\000\342\000n\000\040\000t\000\341\000c\000h}{chapter.2}% 8
\BOOKMARK [1][-]{section.2.3}{\376\377\000K\000h\000o\036\243\000n\000g\000\040\000c\000\341\000c\000h\000\040\000t\036\353\000\040\001\021\000i\036\303\000m\000\040\001\021\036\277\000n\000\040\000s\000i\000\352\000u\000\040\000p\000h\036\263\000n\000g}{chapter.2}% 9
\BOOKMARK [1][-]{section.2.4}{\376\377\000M\000a\000r\000g\000i\000n\000\040\000-\000\040\000L\036\301\000\040\000c\036\347\000a\000\040\000b\036\331\000\040\000p\000h\000\342\000n\000\040\000l\000o\036\241\000i}{chapter.2}% 10
\BOOKMARK [1][-]{section.2.5}{\376\377\000S\000i\000\352\000u\000\040\000p\000h\036\263\000n\000g\000\040\000c\000h\000\355\000n\000h\000\040\000t\036\257\000c}{chapter.2}% 11
\BOOKMARK [1][-]{section.2.6}{\376\377\000B\000\340\000i\000\040\000t\000o\000\341\000n\000\040\000t\036\321\000i\000\040\001\260\000u\000\040\000c\036\347\000a\000\040\000S\000V\000M}{chapter.2}% 12
\BOOKMARK [1][-]{section.2.7}{\376\377\000P\000h\001\260\001\241\000n\000g\000\040\000p\000h\000\341\000p\000\040\000L\000a\000g\000r\000a\000n\000g\000e\000\040\000v\000\340\000\040\001\021\000i\036\301\000u\000\040\000k\000i\036\307\000n\000\040\000K\000K\000T}{chapter.2}% 13
\BOOKMARK [1][-]{section.2.8}{\376\377\000M\000\364\000\040\000h\000\354\000n\000h\000\040\000d\036\361\000\040\001\021\000o\000\341\000n\000\040\000v\036\333\000i\000\040\000S\000V\000M}{chapter.2}% 14
\BOOKMARK [0][-]{chapter.3}{\376\377\000D\036\357\000\040\000l\000i\036\307\000u\000\040\000v\000\340\000\040\000x\000\342\000y\000\040\000d\036\361\000n\000g\000,\000\040\000h\000u\036\245\000n\000\040\000l\000u\000y\036\307\000n\000\040\000m\000\364\000\040\000h\000\354\000n\000h\000\040\000S\000V\000M}{}% 15
\BOOKMARK [1][-]{section.3.1}{\376\377\000D\036\357\000\040\000l\000i\036\307\000u\000\040\000s\036\355\000\040\000d\036\345\000n\000g}{chapter.3}% 16
\BOOKMARK [1][-]{section.3.2}{\376\377\000X\000\342\000y\000\040\000d\036\361\000n\000g\000\040\000m\000\364\000\040\000h\000\354\000n\000h\000\040\000S\000V\000M}{chapter.3}% 17
\BOOKMARK [2][-]{subsection.3.2.1}{\376\377\000L\036\361\000a\000\040\000c\000h\036\315\000n\000\040\000m\000\364\000\040\000h\000\354\000n\000h}{section.3.2}% 18
\BOOKMARK [2][-]{subsection.3.2.2}{\376\377\000T\000h\000i\036\277\000t\000\040\000l\036\255\000p\000\040\000m\000\364\000\040\000h\000\354\000n\000h\000\040\000S\000V\000M\000\040\000t\000u\000y\036\277\000n\000\040\000t\000\355\000n\000h}{section.3.2}% 19
\BOOKMARK [1][-]{section.3.3}{\376\377\000Q\000u\000y\000\040\000t\000r\000\354\000n\000h\000\040\000h\000u\036\245\000n\000\040\000l\000u\000y\036\307\000n\000\040\000m\000\364\000\040\000h\000\354\000n\000h}{chapter.3}% 20
\BOOKMARK [2][-]{subsection.3.3.1}{\376\377\000N\036\241\000p\000\040\000d\036\357\000\040\000l\000i\036\307\000u}{section.3.3}% 21
\BOOKMARK [2][-]{subsection.3.3.2}{\376\377\000T\000\341\000c\000h\000\040\000d\036\357\000\040\000l\000i\036\307\000u\000\040\001\021\036\247\000u\000\040\000v\000\340\000o\000\040\000v\000\340\000\040\000n\000h\000\343\000n}{section.3.3}% 22
\BOOKMARK [2][-]{subsection.3.3.3}{\376\377\000K\000h\036\337\000i\000\040\000t\036\241\000o\000\040\000m\000\364\000\040\000h\000\354\000n\000h}{section.3.3}% 23
\BOOKMARK [2][-]{subsection.3.3.4}{\376\377\000H\000u\036\245\000n\000\040\000l\000u\000y\036\307\000n\000\040\000m\000\364\000\040\000h\000\354\000n\000h}{section.3.3}% 24
\BOOKMARK [2][-]{subsection.3.3.5}{\376\377\000L\001\260\000u\000\040\000m\000\364\000\040\000h\000\354\000n\000h\000\040\000s\000a\000u\000\040\000k\000h\000i\000\040\000h\000u\036\245\000n\000\040\000l\000u\000y\036\307\000n}{section.3.3}% 25
\BOOKMARK [1][-]{section.3.4}{\376\377\000M\000\364\000\040\000h\000\354\000n\000h\000\040\000p\000h\000\342\000n\000\040\000l\000o\036\241\000i\000\040\000b\000a\000\040\000l\036\333\000p}{chapter.3}% 26
\BOOKMARK [1][-]{section.3.5}{\376\377\000K\036\277\000t\000\040\000q\000u\036\243\000\040\001\021\036\247\000u\000\040\000r\000a\000\040\000c\036\347\000a\000\040\000m\000\364\000\040\000h\000\354\000n\000h}{chapter.3}% 27
\BOOKMARK [0][-]{chapter.4}{\376\377\000T\000r\000i\036\303\000n\000\040\000k\000h\000a\000i\000\040\000t\000r\036\361\000c\000\040\000t\000u\000y\036\277\000n\000\040\000v\000\340\000\040\000v\036\255\000n\000\040\000h\000\340\000n\000h}{}% 28
\BOOKMARK [1][-]{section.4.1}{\376\377\000C\000\341\000c\000\040\000c\000\364\000n\000g\000\040\000n\000g\000h\036\307\000\040\000s\036\355\000\040\000d\036\345\000n\000g}{chapter.4}% 29
\BOOKMARK [1][-]{section.4.2}{\376\377\000Q\000u\000y\000\040\000t\000r\000\354\000n\000h\000\040\000t\000r\000i\036\303\000n\000\040\000k\000h\000a\000i}{chapter.4}% 30
\BOOKMARK [2][-]{subsection.4.2.1}{\376\377\001\020\000\363\000n\000g\000\040\000g\000\363\000i\000\040\000v\000\340\000\040\000t\000r\000i\036\303\000n\000\040\000k\000h\000a\000i\000\040\000m\000\364\000\040\000h\000\354\000n\000h}{section.4.2}% 31
\BOOKMARK [2][-]{subsection.4.2.2}{\376\377\000K\000i\036\303\000m\000\040\000t\000h\036\355\000\040\000A\000P\000I}{section.4.2}% 32
\BOOKMARK [2][-]{subsection.4.2.3}{\376\377\000T\000r\000i\036\303\000n\000\040\000k\000h\000a\000i\000\040\000t\000r\000\352\000n\000\040\000R\000e\000n\000d\000e\000r}{section.4.2}% 33
\BOOKMARK [2][-]{subsection.4.2.4}{\376\377\000K\036\277\000t\000\040\000n\036\321\000i\000\040\000g\000i\000a\000o\000\040\000d\000i\036\307\000n\000\040\000W\000e\000b\000\040\000v\036\333\000i\000\040\000A\000P\000I}{section.4.2}% 34
\BOOKMARK [1][-]{section.4.3}{\376\377\000V\036\255\000n\000\040\000h\000\340\000n\000h\000\040\000h\036\307\000\040\000t\000h\036\321\000n\000g}{chapter.4}% 35
\BOOKMARK [0][-]{chapter.5}{\376\377\000N\000\342\000n\000g\000\040\000c\036\245\000p\000\040\000m\000\364\000\040\000h\000\354\000n\000h}{}% 36
\BOOKMARK [1][-]{section.5.1}{\376\377\000T\036\325\000n\000g\000\040\000q\000u\000a\000n\000\040\000n\000\342\000n\000g\000\040\000c\036\245\000p}{chapter.5}% 37
\BOOKMARK [1][-]{section.5.2}{\376\377\000N\000\342\000n\000g\000\040\000c\036\245\000p\000\040\000m\000\364\000\040\000h\000\354\000n\000h\000\040\000S\000V\000M}{chapter.5}% 38
\BOOKMARK [2][-]{subsection.5.2.1}{\376\377\000S\036\355\000\040\000d\036\345\000n\000g\000\040\000n\000h\000i\036\301\000u\000\040\000k\000e\000r\000n\000e\000l}{section.5.2}% 39
\BOOKMARK [2][-]{subsection.5.2.2}{\376\377\000L\000i\000n\000e\000a\000r\000\040\000K\000e\000r\000n\000e\000l}{section.5.2}% 40
\BOOKMARK [2][-]{subsection.5.2.3}{\376\377\000P\000o\000l\000y\000n\000o\000m\000i\000a\000l\000\040\000K\000e\000r\000n\000e\000l}{section.5.2}% 41
\BOOKMARK [2][-]{subsection.5.2.4}{\376\377\000R\000B\000F\000\040\000K\000e\000r\000n\000e\000l}{section.5.2}% 42
\BOOKMARK [2][-]{subsection.5.2.5}{\376\377\000S\000i\000g\000m\000o\000i\000d\000\040\000K\000e\000r\000n\000e\000l}{section.5.2}% 43
\BOOKMARK [1][-]{section.5.3}{\376\377\000H\000u\036\245\000n\000\040\000l\000u\000y\036\307\000n\000\040\000v\000\340\000\040\000l\036\361\000a\000\040\000c\000h\036\315\000n\000\040\000m\000\364\000\040\000h\000\354\000n\000h}{chapter.5}% 44
\BOOKMARK [1][-]{section.5.4}{\376\377\001\020\000\341\000n\000h\000\040\000g\000i\000\341\000\040\000c\000\341\000c\000\040\000m\000\364\000\040\000h\000\354\000n\000h\000\040\000S\000V\000M}{chapter.5}% 45
\BOOKMARK [1][-]{section.5.5}{\376\377\000K\036\277\000t\000\040\000n\036\321\000i\000\040\000c\001\241\000\040\000s\036\337\000\040\000d\036\357\000\040\000l\000i\036\307\000u\000\040\000S\000u\000p\000a\000b\000a\000s\000e}{chapter.5}% 46
\BOOKMARK [2][-]{subsection.5.5.1}{\376\377\000M\036\345\000c\000\040\001\021\000\355\000c\000h\000\040\000s\036\355\000\040\000d\036\345\000n\000g\000\040\000S\000u\000p\000a\000b\000a\000s\000e}{section.5.5}% 47
\BOOKMARK [2][-]{subsection.5.5.2}{\376\377\000Q\000u\000y\000\040\000t\000r\000\354\000n\000h\000\040\000l\001\260\000u\000\040\000t\000r\036\357\000\040\000d\036\357\000\040\000l\000i\036\307\000u}{section.5.5}% 48
\BOOKMARK [1][-]{section.5.6}{\376\377\000M\036\337\000\040\000r\036\331\000n\000g\000\040\000c\000h\036\351\000c\000\040\000n\001\003\000n\000g\000\040\000l\036\313\000c\000h\000\040\000s\036\355}{chapter.5}% 49
\BOOKMARK [0][-]{chapter.6}{\376\377\000D\000E\000M\000O\000\040\000W\000E\000B\000\040\000V\000\300\000\040\000H\001\257\036\332\000N\000G\000\040\000D\036\252\000N\000\040\000S\036\354\000\040\000D\036\344\000N\000G}{}% 50
\BOOKMARK [1][-]{section.6.1}{\376\377\000G\000i\036\333\000i\000\040\000t\000h\000i\036\307\000u\000\040\000g\000i\000a\000o\000\040\000d\000i\036\307\000n\000\040\000W\000e\000b}{chapter.6}% 51
\BOOKMARK [1][-]{section.6.2}{\376\377\000D\000e\000m\000o\000\040\000t\000r\000a\000n\000g\000\040\000W\000e\000b}{chapter.6}% 52
\BOOKMARK [2][-]{subsection.6.2.1}{\376\377\001\020\001\003\000n\000g\000\040\000k\000\355\000\040\000v\000\340\000\040\001\021\001\003\000n\000g\000\040\000n\000h\036\255\000p}{section.6.2}% 53
\BOOKMARK [2][-]{subsection.6.2.2}{\376\377\000T\000r\000a\000n\000g\000\040\000g\000i\036\333\000i\000\040\000t\000h\000i\036\307\000u\000\040\000h\000o\000a\000\040\000I\000r\000i\000s}{section.6.2}% 54
\BOOKMARK [2][-]{subsection.6.2.3}{\376\377\000T\000r\000a\000n\000g\000\040\000d\036\361\000\040\001\021\000o\000\341\000n\000\040\000v\000\340\000\040\000b\000i\036\303\000u\000\040\001\021\036\323}{section.6.2}% 55
\BOOKMARK [2][-]{subsection.6.2.4}{\376\377\000T\000r\000a\000n\000g\000\040\000l\036\313\000c\000h\000\040\000s\036\355\000\040\000s\036\355\000\040\000d\036\345\000n\000g}{section.6.2}% 56
\BOOKMARK [1][-]{section.6.3}{\376\377\000H\001\260\036\333\000n\000g\000\040\000d\036\253\000n\000\040\000s\036\355\000\040\000d\036\345\000n\000g\000\040\000c\000h\036\351\000c\000\040\000n\001\003\000n\000g\000\040\000d\036\361\000\040\001\021\000o\000\341\000n}{chapter.6}% 57
\BOOKMARK [2][-]{subsection.6.3.1}{\376\377\000D\036\361\000\040\001\021\000o\000\341\000n\000\040\000b\036\261\000n\000g\000\040\000c\000\341\000c\000h\000\040\000n\000h\036\255\000p\000\040\000d\036\357\000\040\000l\000i\036\307\000u\000\040\000t\000h\036\347\000\040\000c\000\364\000n\000g}{section.6.3}% 58
\BOOKMARK [2][-]{subsection.6.3.2}{\376\377\000D\036\361\000\040\001\021\000o\000\341\000n\000\040\000b\036\261\000n\000g\000\040\000d\036\357\000\040\000l\000i\036\307\000u\000\040\000n\000g\036\253\000u\000\040\000n\000h\000i\000\352\000n}{section.6.3}% 59
\BOOKMARK [2][-]{subsection.6.3.3}{\376\377\000D\036\361\000\040\001\021\000o\000\341\000n\000\040\000b\036\261\000n\000g\000\040\000f\000i\000l\000e\000\040\000d\036\357\000\040\000l\000i\036\307\000u}{section.6.3}% 60
\BOOKMARK [1][-]{section.6.4}{\376\377\000H\001\260\036\333\000n\000g\000\040\000d\036\253\000n\000\040\000x\000e\000m\000\040\000b\000i\036\303\000u\000\040\001\021\036\323}{chapter.6}% 61
\BOOKMARK [1][-]{section.6.5}{\376\377\000H\001\260\036\333\000n\000g\000\040\000d\036\253\000n\000\040\000s\036\355\000\040\000d\036\345\000n\000g\000\040\000l\036\313\000c\000h\000\040\000s\036\355}{chapter.6}% 62
\BOOKMARK [2][-]{subsection.6.5.1}{\376\377\000X\000e\000m\000\040\000l\036\313\000c\000h\000\040\000s\036\355\000\040\000d\036\361\000\040\001\021\000o\000\341\000n}{section.6.5}% 63
\BOOKMARK [2][-]{subsection.6.5.2}{\376\377\000L\036\315\000c\000\040\000l\036\313\000c\000h\000\040\000s\036\355\000\040\000t\000h\000e\000o\000\040\000l\000o\036\241\000i\000\040\000h\000o\000a}{section.6.5}% 64
\BOOKMARK [2][-]{subsection.6.5.3}{\376\377\000S\000o\000\040\000s\000\341\000n\000h\000\040\000c\000\341\000c\000\040\000m\036\253\000u\000\040\000d\036\357\000\040\000l\000i\036\307\000u}{section.6.5}% 65
\BOOKMARK [2][-]{subsection.6.5.4}{\376\377\000X\000\363\000a\000\040\000l\036\313\000c\000h\000\040\000s\036\355\000\040\000v\000\340\000\040\001\021\036\267\000t\000\040\000l\036\241\000i\000\040\000h\036\307\000\040\000t\000h\036\321\000n\000g}{section.6.5}% 66
\BOOKMARK [1][-]{section.6.6}{\376\377\000C\000\341\000c\000\040\000c\000h\036\351\000c\000\040\000n\001\003\000n\000g\000\040\000h\036\327\000\040\000t\000r\036\343}{chapter.6}% 67
\BOOKMARK [1][-]{section.6.7}{\376\377\000Q\000u\000y\000\040\000t\000r\000\354\000n\000h\000\040\000s\036\355\000\040\000d\036\345\000n\000g\000\040\000t\036\325\000n\000g\000\040\000q\000u\000\341\000t}{chapter.6}% 68
\BOOKMARK [1][-]{section.6.8}{\376\377\000K\036\277\000t\000\040\000l\000u\036\255\000n\000\040\000c\000h\001\260\001\241\000n\000g}{chapter.6}% 69
